Copyright 1986-2020 Xilinx, Inc. All Rights Reserved.
-------------------------------------------------------------------------------------------
| Tool Version : Vivado v.2020.2 (win64) Build 3064766 Wed Nov 18 09:12:45 MST 2020
| Date         : Mon May 31 18:17:35 2021
| Host         : DESKTOP-RD2OQRJ running 64-bit major release  (build 9200)
| Command      : report_control_sets -verbose -file bd_DAW_wrapper_control_sets_placed.rpt
| Design       : bd_DAW_wrapper
| Device       : xc7a35t
-------------------------------------------------------------------------------------------

Control Set Information

Table of Contents
-----------------
1. Summary
2. Histogram
3. Flip-Flop Distribution
4. Detailed Control Set Information

1. Summary
----------

+----------------------------------------------------------+-------+
|                          Status                          | Count |
+----------------------------------------------------------+-------+
| Total control sets                                       |    59 |
|    Minimum number of control sets                        |    59 |
|    Addition due to synthesis replication                 |     0 |
|    Addition due to physical synthesis replication        |     0 |
| Unused register locations in slices containing registers |   185 |
+----------------------------------------------------------+-------+
* Control sets can be merged at opt_design using control_set_merge or merge_equivalent_drivers
** Run report_qor_suggestions for automated merging and remapping suggestions


2. Histogram
------------

+--------------------+-------+
|       Fanout       | Count |
+--------------------+-------+
| Total control sets |    59 |
| >= 0 to < 4        |    10 |
| >= 4 to < 6        |    12 |
| >= 6 to < 8        |     4 |
| >= 8 to < 10       |     4 |
| >= 10 to < 12      |     2 |
| >= 12 to < 14      |     2 |
| >= 14 to < 16      |     3 |
| >= 16              |    22 |
+--------------------+-------+
* Control sets can be remapped at either synth_design or opt_design


3. Flip-Flop Distribution
-------------------------

+--------------+-----------------------+------------------------+-----------------+--------------+
| Clock Enable | Synchronous Set/Reset | Asynchronous Set/Reset | Total Registers | Total Slices |
+--------------+-----------------------+------------------------+-----------------+--------------+
| No           | No                    | No                     |             221 |           56 |
| No           | No                    | Yes                    |              13 |            8 |
| No           | Yes                   | No                     |              95 |           36 |
| Yes          | No                    | No                     |             176 |           48 |
| Yes          | No                    | Yes                    |             215 |           49 |
| Yes          | Yes                   | No                     |             247 |           63 |
+--------------+-----------------------+------------------------+-----------------+--------------+


4. Detailed Control Set Information
-----------------------------------

+--------------------------------------------------------+----------------------------------------------------------------------------------------------------------------------------------------------------------------------------+----------------------------------------------------------------------------------------------------------------------------------------------------+------------------+----------------+--------------+
|                      Clock Signal                      |                                                                                Enable Signal                                                                               |                                                                  Set/Reset Signal                                                                  | Slice Load Count | Bel Load Count | Bels / Slice |
+--------------------------------------------------------+----------------------------------------------------------------------------------------------------------------------------------------------------------------------------+----------------------------------------------------------------------------------------------------------------------------------------------------+------------------+----------------+--------------+
|  bd_DAW_i/debouncer_0/U0/debounced_int_reg_LDC_i_1_n_0 |                                                                                                                                                                            | bd_DAW_i/debouncer_0/U0/debounced_int_reg_LDC_i_2_n_0                                                                                              |                1 |              1 |         1.00 |
|  bd_DAW_i/debouncer_1/U0/debounced_int_reg_LDC_i_1_n_0 |                                                                                                                                                                            | bd_DAW_i/debouncer_1/U0/debounced_int_reg_LDC_i_2_n_0                                                                                              |                1 |              1 |         1.00 |
|  bd_DAW_i/clk_wiz_0/inst/clk_out2                      |                                                                                                                                                                            | bd_DAW_i/debouncer_0/U0/debounced_int_reg_LDC_i_1_n_0                                                                                              |                1 |              1 |         1.00 |
|  bd_DAW_i/clk_wiz_0/inst/clk_out2                      |                                                                                                                                                                            | bd_DAW_i/debouncer_0/U0/debounced_int_reg_LDC_i_2_n_0                                                                                              |                1 |              1 |         1.00 |
|  bd_DAW_i/clk_wiz_0/inst/clk_out2                      |                                                                                                                                                                            | bd_DAW_i/debouncer_1/U0/debounced_int_reg_LDC_i_1_n_0                                                                                              |                1 |              1 |         1.00 |
|  bd_DAW_i/clk_wiz_0/inst/clk_out2                      |                                                                                                                                                                            | bd_DAW_i/debouncer_1/U0/debounced_int_reg_LDC_i_2_n_0                                                                                              |                1 |              1 |         1.00 |
|  bd_DAW_i/clk_wiz_0/inst/clk_out2                      | bd_DAW_i/moving_average_filter_0/U0/count                                                                                                                                  | bd_DAW_i/moving_average_filter_0/U0/MM_filter_SX_CHANNEL/resetn_0                                                                                  |                1 |              2 |         2.00 |
|  bd_DAW_i/clk_wiz_0/inst/clk_out2                      | bd_DAW_i/packetizer_0/U0/FSM_sequential_state[2]_i_1_n_0                                                                                                                   | bd_DAW_i/packetizer_0/U0/FSM_sequential_state[2]_i_3_n_0                                                                                           |                1 |              3 |         3.00 |
|  bd_DAW_i/clk_wiz_0/inst/clk_out2                      | bd_DAW_i/volume_controller_0/U0/FSM_sequential_state[2]_i_1_n_0                                                                                                            | bd_DAW_i/volume_controller_0/U0/current_volume[3]_i_3_n_0                                                                                          |                1 |              3 |         3.00 |
|  bd_DAW_i/clk_wiz_0/inst/clk_out2                      | bd_DAW_i/depacketizer_0/U0/FSM_sequential_state[2]_i_1_n_0                                                                                                                 | bd_DAW_i/depacketizer_0/U0/FSM_sequential_state[2]_i_3_n_0                                                                                         |                2 |              3 |         1.50 |
|  bd_DAW_i/clk_wiz_0/inst/clk_out1                      |                                                                                                                                                                            | bd_DAW_i/AXI4Stream_UART_0/U0/FIFO_DATA_RX/gnuram_async_fifo.xpm_fifo_base_inst/xpm_fifo_rst_inst/FSM_onehot_gen_rst_ic.curr_wrst_state[4]_i_1_n_0 |                2 |              4 |         2.00 |
|  bd_DAW_i/clk_wiz_0/inst/clk_out1                      |                                                                                                                                                                            | bd_DAW_i/proc_sys_reset_1/U0/EXT_LPF/lpf_int                                                                                                       |                2 |              4 |         2.00 |
|  bd_DAW_i/clk_wiz_0/inst/clk_out2                      | bd_DAW_i/volume_controller_0/U0/current_volume[3]_i_1_n_0                                                                                                                  | bd_DAW_i/volume_controller_0/U0/current_volume[3]_i_3_n_0                                                                                          |                1 |              4 |         4.00 |
|  bd_DAW_i/clk_wiz_0/inst/clk_out1                      | bd_DAW_i/AXI4Stream_UART_0/U0/UART_Manager_inst/Inst_uart/rx_baud_tick                                                                                                     |                                                                                                                                                    |                1 |              4 |         4.00 |
|  bd_DAW_i/clk_wiz_0/inst/clk_out2                      | bd_DAW_i/mute_controller_0/U0/state_n_0                                                                                                                                    | bd_DAW_i/mute_controller_0/U0/FSM_onehot_state[1]_i_2_n_0                                                                                          |                1 |              4 |         4.00 |
|  bd_DAW_i/clk_wiz_0/inst/clk_out2                      |                                                                                                                                                                            | bd_DAW_i/AXI4Stream_UART_0/U0/FIFO_DATA_TX/gnuram_async_fifo.xpm_fifo_base_inst/xpm_fifo_rst_inst/FSM_onehot_gen_rst_ic.curr_wrst_state[4]_i_1_n_0 |                2 |              4 |         2.00 |
|  bd_DAW_i/clk_wiz_0/inst/clk_out2                      | bd_DAW_i/moving_average_filter_0/U0/FSM_onehot_STATUS[1]_i_1_n_0                                                                                                           | bd_DAW_i/moving_average_filter_0/U0/MM_filter_SX_CHANNEL/resetn_0                                                                                  |                2 |              4 |         2.00 |
|  bd_DAW_i/clk_wiz_0/inst/clk_out2                      |                                                                                                                                                                            | bd_DAW_i/proc_sys_reset_0/U0/EXT_LPF/lpf_int                                                                                                       |                1 |              4 |         4.00 |
|  bd_DAW_i/clk_wiz_0/inst/clk_out2                      |                                                                                                                                                                            | bd_DAW_i/proc_sys_reset_0/U0/peripheral_reset[0]                                                                                                   |                1 |              4 |         4.00 |
|  bd_DAW_i/clk_wiz_0/inst/clk_out2                      | bd_DAW_i/volume_controller_0/U0/tlast_int0                                                                                                                                 |                                                                                                                                                    |                2 |              5 |         2.50 |
|  bd_DAW_i/clk_wiz_0/inst/clk_out2                      | bd_DAW_i/depacketizer_0/U0/m_axis_tlast_int0                                                                                                                               | bd_DAW_i/depacketizer_0/U0/m_axis_tlast_int_i_1_n_0                                                                                                |                1 |              5 |         5.00 |
|  bd_DAW_i/clk_wiz_0/inst/clk_out2                      | bd_DAW_i/depacketizer_0/U0/p_0_in[15]                                                                                                                                      | bd_DAW_i/depacketizer_0/U0/data_sr[0][15]_i_1_n_0                                                                                                  |                1 |              5 |         5.00 |
|  bd_DAW_i/clk_wiz_0/inst/clk_out2                      | bd_DAW_i/proc_sys_reset_0/U0/SEQ/seq_cnt_en                                                                                                                                | bd_DAW_i/proc_sys_reset_0/U0/SEQ/SEQ_COUNTER/clear                                                                                                 |                1 |              6 |         6.00 |
|  bd_DAW_i/clk_wiz_0/inst/clk_out2                      | bd_DAW_i/packetizer_0/U0/words_counter0                                                                                                                                    |                                                                                                                                                    |                3 |              6 |         2.00 |
|  bd_DAW_i/clk_wiz_0/inst/clk_out1                      | bd_DAW_i/proc_sys_reset_1/U0/SEQ/seq_cnt_en                                                                                                                                | bd_DAW_i/proc_sys_reset_1/U0/SEQ/SEQ_COUNTER/clear                                                                                                 |                1 |              6 |         6.00 |
|  bd_DAW_i/clk_wiz_0/inst/clk_out2                      | bd_DAW_i/depacketizer_0/U0/rx_bytes_counter0                                                                                                                               |                                                                                                                                                    |                2 |              6 |         3.00 |
|  bd_DAW_i/clk_wiz_0/inst/clk_out1                      | bd_DAW_i/AXI4Stream_UART_0/U0/UART_Manager_inst/Inst_uart/E[0]                                                                                                             | bd_DAW_i/proc_sys_reset_1/U0/peripheral_reset[0]                                                                                                   |                1 |              8 |         8.00 |
|  bd_DAW_i/clk_wiz_0/inst/clk_out1                      | bd_DAW_i/AXI4Stream_UART_0/U0/UART_Manager_inst/data_stream_in[7]_i_1_n_0                                                                                                  | bd_DAW_i/proc_sys_reset_1/U0/peripheral_reset[0]                                                                                                   |                1 |              8 |         8.00 |
|  bd_DAW_i/clk_wiz_0/inst/clk_out2                      | bd_DAW_i/AXI4Stream_UART_0/U0/FIFO_DATA_RX/gnuram_async_fifo.xpm_fifo_base_inst/gen_sdpram.xpm_memory_base_inst/gen_wr_a.gen_word_narrow.mem_reg_REGCEB_cooolgate_en_sig_1 | bd_DAW_i/AXI4Stream_UART_0/U0/FIFO_DATA_RX/gnuram_async_fifo.xpm_fifo_base_inst/xpm_fifo_rst_inst/gen_rst_ic.fifo_rd_rst_ic_reg_0                  |                1 |              8 |         8.00 |
|  bd_DAW_i/clk_wiz_0/inst/clk_out2                      | bd_DAW_i/depacketizer_0/U0/p_0_in[7]                                                                                                                                       |                                                                                                                                                    |                2 |              8 |         4.00 |
|  bd_DAW_i/clk_wiz_0/inst/clk_out1                      | bd_DAW_i/AXI4Stream_UART_0/U0/UART_Manager_inst/Inst_uart/uart_tx_count[2]_i_1_n_0                                                                                         | bd_DAW_i/proc_sys_reset_1/U0/peripheral_reset[0]                                                                                                   |                3 |             10 |         3.33 |
|  bd_DAW_i/clk_wiz_0/inst/clk_out1                      | bd_DAW_i/AXI4Stream_UART_0/U0/UART_Manager_inst/Inst_uart/uart_rx_data_vec                                                                                                 | bd_DAW_i/proc_sys_reset_1/U0/peripheral_reset[0]                                                                                                   |                2 |             11 |         5.50 |
|  bd_DAW_i/clk_wiz_0/inst/clk_out2                      |                                                                                                                                                                            | bd_DAW_i/AXI4Stream_UART_0/U0/FIFO_DATA_TX/gnuram_async_fifo.xpm_fifo_base_inst/xpm_fifo_rst_inst/wrst_busy                                        |                5 |             12 |         2.40 |
|  bd_DAW_i/clk_wiz_0/inst/clk_out1                      |                                                                                                                                                                            | bd_DAW_i/AXI4Stream_UART_0/U0/FIFO_DATA_RX/gnuram_async_fifo.xpm_fifo_base_inst/xpm_fifo_rst_inst/wrst_busy                                        |                4 |             12 |         3.00 |
|  bd_DAW_i/clk_wiz_0/inst/clk_out2                      |                                                                                                                                                                            | bd_DAW_i/AXI4Stream_UART_0/U0/FIFO_DATA_RX/gnuram_async_fifo.xpm_fifo_base_inst/xpm_fifo_rst_inst/gen_rst_ic.fifo_rd_rst_ic_reg_0                  |                6 |             15 |         2.50 |
|  bd_DAW_i/clk_wiz_0/inst/clk_out2                      | bd_DAW_i/volume_controller_0/U0/m_axis_tdata0                                                                                                                              | bd_DAW_i/volume_controller_0/U0/m_axis_tdata[14]_i_1_n_0                                                                                           |                3 |             15 |         5.00 |
|  bd_DAW_i/clk_wiz_0/inst/clk_out1                      |                                                                                                                                                                            | bd_DAW_i/AXI4Stream_UART_0/U0/FIFO_DATA_TX/gnuram_async_fifo.xpm_fifo_base_inst/xpm_fifo_rst_inst/gen_rst_ic.fifo_rd_rst_ic_reg_0                  |                7 |             15 |         2.14 |
|  bd_DAW_i/clk_wiz_0/inst/clk_out2                      | bd_DAW_i/moving_average_filter_0/U0/Data_in_DX[15]_i_1_n_0                                                                                                                 |                                                                                                                                                    |                3 |             16 |         5.33 |
|  bd_DAW_i/clk_wiz_0/inst/clk_out2                      | bd_DAW_i/moving_average_filter_0/U0/Data_in0                                                                                                                               |                                                                                                                                                    |                3 |             16 |         5.33 |
|  bd_DAW_i/clk_wiz_0/inst/clk_out2                      | bd_DAW_i/moving_average_filter_0/U0/m_axis_tdata0                                                                                                                          | bd_DAW_i/moving_average_filter_0/U0/m_axis_tdata[15]_i_1_n_0                                                                                       |                4 |             16 |         4.00 |
|  bd_DAW_i/clk_wiz_0/inst/clk_out2                      | bd_DAW_i/mute_controller_0/U0/m_axis_tdata0                                                                                                                                | bd_DAW_i/mute_controller_0/U0/m_axis_tdata[15]_i_1_n_0                                                                                             |                3 |             16 |         5.33 |
|  bd_DAW_i/clk_wiz_0/inst/clk_out2                      | bd_DAW_i/packetizer_0/U0/high_byte0                                                                                                                                        |                                                                                                                                                    |                3 |             16 |         5.33 |
|  bd_DAW_i/clk_wiz_0/inst/clk_out2                      | bd_DAW_i/mute_controller_0/U0/tlast_int0                                                                                                                                   |                                                                                                                                                    |                8 |             19 |         2.38 |
|  bd_DAW_i/clk_wiz_0/inst/clk_out2                      | bd_DAW_i/debouncer_0/U0/counter_0                                                                                                                                          | bd_DAW_i/proc_sys_reset_0/U0/peripheral_reset[0]                                                                                                   |                4 |             20 |         5.00 |
|  bd_DAW_i/clk_wiz_0/inst/clk_out2                      | bd_DAW_i/debouncer_1/U0/counter_0                                                                                                                                          | bd_DAW_i/proc_sys_reset_0/U0/peripheral_reset[0]                                                                                                   |                4 |             20 |         5.00 |
|  bd_DAW_i/clk_wiz_0/inst/clk_out1                      | bd_DAW_i/AXI4Stream_UART_0/U0/FIFO_DATA_TX/gnuram_async_fifo.xpm_fifo_base_inst/rdp_inst/E[0]                                                                              | bd_DAW_i/AXI4Stream_UART_0/U0/FIFO_DATA_TX/gnuram_async_fifo.xpm_fifo_base_inst/xpm_fifo_rst_inst/gen_rst_ic.fifo_rd_rst_ic_reg_0                  |                6 |             23 |         3.83 |
|  bd_DAW_i/clk_wiz_0/inst/clk_out2                      | bd_DAW_i/AXI4Stream_UART_0/U0/FIFO_DATA_RX/gnuram_async_fifo.xpm_fifo_base_inst/rdp_inst/E[0]                                                                              | bd_DAW_i/AXI4Stream_UART_0/U0/FIFO_DATA_RX/gnuram_async_fifo.xpm_fifo_base_inst/xpm_fifo_rst_inst/gen_rst_ic.fifo_rd_rst_ic_reg_0                  |                6 |             23 |         3.83 |
|  bd_DAW_i/clk_wiz_0/inst/clk_out2                      | bd_DAW_i/volume_controller_0/U0/amplified_data0                                                                                                                            | bd_DAW_i/volume_controller_0/U0/amplified_data[23]_i_1_n_0                                                                                         |               10 |             24 |         2.40 |
|  bd_DAW_i/clk_wiz_0/inst/clk_out1                      |                                                                                                                                                                            | bd_DAW_i/proc_sys_reset_1/U0/peripheral_reset[0]                                                                                                   |                8 |             28 |         3.50 |
|  bd_DAW_i/clk_wiz_0/inst/clk_out2                      | bd_DAW_i/depacketizer_0/U0/data_sr_reg[1]0                                                                                                                                 |                                                                                                                                                    |                4 |             32 |         8.00 |
|  bd_DAW_i/clk_wiz_0/inst/clk_out2                      | bd_DAW_i/moving_average_filter_0/U0/chip_en_SX                                                                                                                             |                                                                                                                                                    |                5 |             32 |         6.40 |
|  bd_DAW_i/clk_wiz_0/inst/clk_out2                      | bd_DAW_i/moving_average_filter_0/U0/chip_en_DX                                                                                                                             |                                                                                                                                                    |                5 |             32 |         6.40 |
|  bd_DAW_i/clk_wiz_0/inst/clk_out2                      | bd_DAW_i/proc_sys_reset_0/U0/peripheral_aresetn[0]                                                                                                                         |                                                                                                                                                    |                7 |             32 |         4.57 |
|  bd_DAW_i/clk_wiz_0/inst/clk_out1                      | bd_DAW_i/AXI4Stream_UART_0/U0/FIFO_DATA_RX/gnuram_async_fifo.xpm_fifo_base_inst/xpm_fifo_rst_inst/E[0]                                                                     | bd_DAW_i/AXI4Stream_UART_0/U0/FIFO_DATA_RX/gnuram_async_fifo.xpm_fifo_base_inst/xpm_fifo_rst_inst/wrst_busy                                        |                9 |             34 |         3.78 |
|  bd_DAW_i/clk_wiz_0/inst/clk_out2                      | bd_DAW_i/AXI4Stream_UART_0/U0/FIFO_DATA_TX/gnuram_async_fifo.xpm_fifo_base_inst/xpm_fifo_rst_inst/E[0]                                                                     | bd_DAW_i/AXI4Stream_UART_0/U0/FIFO_DATA_TX/gnuram_async_fifo.xpm_fifo_base_inst/xpm_fifo_rst_inst/wrst_busy                                        |               12 |             45 |         3.75 |
|  bd_DAW_i/clk_wiz_0/inst/clk_out2                      | bd_DAW_i/moving_average_filter_0/U0/chip_en_SX                                                                                                                             | bd_DAW_i/moving_average_filter_0/U0/MM_filter_SX_CHANNEL/resetn_0                                                                                  |               17 |             68 |         4.00 |
|  bd_DAW_i/clk_wiz_0/inst/clk_out2                      | bd_DAW_i/moving_average_filter_0/U0/chip_en_DX                                                                                                                             | bd_DAW_i/moving_average_filter_0/U0/MM_filter_SX_CHANNEL/resetn_0                                                                                  |               13 |             68 |         5.23 |
|  bd_DAW_i/clk_wiz_0/inst/clk_out1                      |                                                                                                                                                                            |                                                                                                                                                    |               25 |            106 |         4.24 |
|  bd_DAW_i/clk_wiz_0/inst/clk_out2                      |                                                                                                                                                                            |                                                                                                                                                    |               33 |            117 |         3.55 |
+--------------------------------------------------------+----------------------------------------------------------------------------------------------------------------------------------------------------------------------------+----------------------------------------------------------------------------------------------------------------------------------------------------+------------------+----------------+--------------+


